--- SaaS Backend E2E Test ---
1. Signing up...
  Signup success. Token received.
2. Creating Project for target "https://httpbin.org"...
  Project created successfully. ID: 69aedb470f38d086ad52d200
3. Sending 4 requests to /proxy/69aedb470f38d086ad52d200/get to trigger rate limiter...
  Request 1: HTTP 200 (Allowed) - RateLimit-Remaining: 2
  Request 2: HTTP 200 (Allowed) - RateLimit-Remaining: 2
  Request 3: HTTP 200 (Allowed) - RateLimit-Remaining: 1
  Request 4: HTTP 200 (Allowed) - RateLimit-Remaining: 1
4. Waiting 1.5 seconds for analytics buffer to flush...
5. Fetching Analytics Summary...
  Analytics Data: [
  {
    "allowed": 4,
    "blocked": 0,
    "hour": "2026-03-09T14:00:00.000Z",
    "avgResponseTime": 1032.75
  }
]
--- Test Complete ---
